src/components/MapTracker.native.tsx(22,28): error TS2749: 'MapLibreGL.Camera' refers to a value, but is being used as a type here. Did you mean 'typeof MapLibreGL.Camera'?
src/components/MapTracker.native.tsx(60,9): error TS2322: Type '{ children: Element[]; style: RegisteredStyle<AbsoluteFillStyle>; styleURL: string; logoEnabled: false; attributionEnabled: false; }' is not assignable to type 'IntrinsicAttributes & MapViewProps & RefAttributes<MapViewRef>'.
  Property 'styleURL' does not exist on type 'IntrinsicAttributes & MapViewProps & RefAttributes<MapViewRef>'.
src/screens/BookingsScreen.tsx(14,7): error TS2741: Property 'in_progress' is missing in type '{ pending: string; accepted: string; completed: string; reviewed: string; cancelled: string; declined: string; }' but required in type 'Record<BookingStatus, string>'.
src/screens/ChatScreen.tsx(69,7): error TS2552: Cannot find name 'navigation'. Did you mean 'useNavigation'?
src/store/AppDataContext.tsx(988,13): error TS2353: Object literal may only specify known properties, and 'start_time' does not exist in type 'Booking'.
